<html>
<body>
<pre>
<h1>µVision Build Log</h1>
<h2>Tool Versions:</h2>
IDE-Version: ¦ÌVision V5.38.0.0
Copyright (C) 2022 ARM Ltd and ARM Germany GmbH. All rights reserved.
License Information: nuo tian, mium, LIC=9WSKC-7UHTW-9UH4U-S06J9-FG898-F77FA
 
Tool Versions:
Toolchain:       MDK-ARM Plus  Version: 5.38.0.0
Toolchain Path:  D:\Keil_v5\ARM\ARMCLANG\Bin
C Compiler:      ArmClang.exe V6.19
Assembler:       Armasm.exe V6.19
Linker/Locator:  ArmLink.exe V6.19
Library Manager: ArmAr.exe V6.19
Hex Converter:   FromElf.exe V6.19
CPU DLL:         SARMCM3.DLL V5.38.0.0
Dialog DLL:      DCM.DLL V1.17.5.0
Target DLL:      STLink\ST-LINKIII-KEIL_SWO.dll V3.1.0.0
Dialog DLL:      TCM.DLL V1.56.4.0
 
<h2>Project:</h2>
E:\ACFLY\unofficial\ACFly Prophet V10 20221008_publish_final\ACFly.uvprojx
Project File Date:  07/12/2023

<h2>Output:</h2>
*** Using Compiler 'V6.19', folder: 'D:\Keil_v5\ARM\ARMCLANG\Bin'
Build target 'Target 1'
compiling drv_Sensors.cpp...
compiling main.cpp...
compiling drv_Main.cpp...
compiling Fences.cpp...
compiling Missions.cpp...
compiling drv_SDI.cpp...
compiling M10_RCCalib.cpp...
compiling Modes.cpp...
compiling Debug.cpp...
compiling MavlinkCMDProcess.cpp...
compiling GUI.cpp...
compiling SDStorage.cpp...
compiling MavlinkSendFuncs.cpp...
Communication/MavlinkRCProcess.cpp(2751): warning: taking address of packed member 'extendedAxis1' of class or structure '__mavlink_manual_control_t' may result in an unaligned pointer value [-Waddress-of-packed-member]
                const int16_t* extAxis = &msg_rd->extendedAxis1;
                                          ^~~~~~~~~~~~~~~~~~~~~
1 warning generated.
compiling MavlinkRCProcess.cpp...
compiling M30_AttCtrl.cpp...
compiling M11_TempCalib.cpp...
compiling M14_HorizonCalib.cpp...
compiling MSafe.cpp...
compiling M13_MagCalib.cpp...
compiling M12_AccCalib.cpp...
compiling M35_Auto1.cpp...
compiling NavCmdProcess.cpp...
compiling Commulink.cpp...
compiling M32_PosCtrl.cpp...
linking...
.\Objects\ACFly.axf: Warning: L6969W: Changing AT Section .ARM.__AT_0x08040000 type from RW to RO in RES_IROM.
Program Size: Code=680848 RO-data=289124 RW-data=735996 ZI-data=67732  
Finished: 0 information, 1 warning and 0 error messages.
FromELF: creating hex file...
".\Objects\ACFly.axf" - 0 Error(s), 2 Warning(s).

<h2>Software Packages used:</h2>

Package Vendor: Keil
                http://www.keil.com/pack/Keil.STM32H7xx_DFP.2.8.0.pack
                Keil.STM32H7xx_DFP.2.8.0
                STMicroelectronics STM32H7 Series Device Support and Examples

<h2>Collection of Component include folders:</h2>
  D:/Arm/Packs/Keil/STM32H7xx_DFP/2.8.0/Drivers/CMSIS/Device/ST/STM32H7xx/Include

<h2>Collection of Component Files used:</h2>
Build Time Elapsed:  00:00:14
</pre>
</body>
</html>
